AREA .  .ABS.
	RADIX HEX
	BASE 0000
	SIZE 0000
	ATTRIB ABS OVR
	GLOBALS
		l__HEAP	0000
		l__BSEG	0000
		l_.  .ABS.	0000
		l__GSFINAL	0000
		l__ISEG	0000
		s_.  .ABS.	0000
		s__HEADER	0000
		l__XSEG	0000
		.init	0000
		l__OVERLAY	0000
		l__LIT	0000
		l__GSINITTAIL	0001
		l__BSS	005E
		l__GSINIT	0093
		l__HOME	01D3
		l__HEADER	01E1
		s__CODE	0200
		l__BASE	020C
		l__DATA	0250
		l__CODE_2	18A9
		l__CODE_6	18F2
		l__CODE_7	1990
		l__CODE_3	20DC
		l__CODE	296C
		s__HOME	2B6C
		s__BASE	2D3F
		s__LIT	2F4B
		s__GSINIT	2F4B
		s__GSINITTAIL	2FDE
		s__GSFINAL	2FDF
		l__CODE_5	3485
		l__CODE_4	3DBC
		s__CODE_2	4000
		s__CODE_3	4000
		s__CODE_4	4000
		s__CODE_5	4000
		s__CODE_6	4000
		s__CODE_7	4000
		.OAM	C000
		s__DATA	C0A0
		s__BSS	C2F0
		s__HEAP	C34E
		s__BSEG	C34E
		s__ISEG	C34E
		s__XSEG	C34E
		s__OVERLAY	C34E
		.STACK	E000
		.refresh_OAM	FF80
AREA _CODE
	RADIX HEX
	BASE 0200
	SIZE 296C
	ATTRIB REL CON
	GLOBALS
		_zero	0200
		_zeroVRAM	0247
		_copyToBuffer	0292
		_replaceInBuffer	0344
		_replaceInBufferInt	0473
		_interruptIdle	05BE
		_Arkeitz	0895
		_Thidem	089E
		_Ryszard	08A6
		_rollWindowIn	08AF
		_rollWindowBack	08D5
		_rollWindowOut	08FA
		_renderMessageOnWindow	0904
		_showMessage	0A5D
		_showBufferedMessage	0B3B
		_renderBufferedMessage	0B49
		_showOptions	0B57
		_copyMemory	0F6A
		_loadMainCharacters	0FD4
		_loadMap	1008
		_loadBankedTileset	11BA
		_fadeIn	11F5
		_fadeOut	1226
		_moveSlowlyCamera	126F
		_playAnimationBanked	12A3
		_runAdditionalBankedFunction	12D7
		_loadEncounter	130F
		_runFunction	16D8
		_checkConditions	1740
		_processEvent	184C
		_checkEvents	1F99
		_hasItem	20BE
		_itemBank	219B
		_itemTableLocationPre	219C
		_throwAwayItem	219F
		_deleteItem	2295
		_armorValue	232E
		_eqStatistic	2448
		_showEQ	255E
		_chooseWeaponBanked	269F
		_choosePotionBanked	26D5
		_eqViewLoop	270B
		_main	284D
		_vbl_own	2982
		_lcd_own	298D
		_OAM_START_TRANSFER	299A
		_rand	29A0
		_randw	29A0
		__divschar_rrx_s	29CB
		__divschar_rrx_hds	29D2
		__modschar_rrx_s	29D9
		__modschar_rrx_hds	29E0
		__divsint_rrx_s	29E5
		__divsint_rrx_hds	29F1
		__modsint_rrx_s	29F9
		__modsint_rrx_hds	2A05
		__divuchar_rrx_s	2A0B
		__divuchar_rrx_hds	2A12
		__moduchar_rrx_s	2A19
		__moduchar_rrx_hds	2A20
		__divuint_rrx_s	2A25
		__divuint_rrx_hds	2A31
		__moduint_rrx_s	2A39
		__moduint_rrx_hds	2A45
		.mod8	2A4B
		.div8	2A4B
		.mod16	2A53
		.div16	2A53
		.modu8	2A8D
		.divu8	2A8D
		.modu16	2A90
		.divu16	2A90
		__rrulong_rrx_s	2ACD
		__rrslong_rrx_s	2AEA
		__rlslong_rrx_s	2B07
		__rlulong_rrx_s	2B07
		__mulschar_rrx_s	2B24
		__mulschar_rrx_hds	2B2B
		__muluchar_rrx_s	2B37
		__mulsint_rrx_s	2B44
		__muluint_rrx_s	2B44
		__mulsint_rrx_hds	2B50
		__muluint_rrx_hds	2B50
		__muluchar_rrx_hds	2B50
AREA _HEADER
	RADIX HEX
	BASE 0000
	SIZE 01E1
	ATTRIB ABS OVR
	GLOBALS
		_exit	01D2
AREA _HOME
	RADIX HEX
	BASE 2B6C
	SIZE 01D3
	ATTRIB REL CON
	GLOBALS
		.set_mode	2B6C
		.remove_VBL	2B7C
		.remove_LCD	2B82
		.remove_TIM	2B88
		.remove_SIO	2B8E
		.remove_JOY	2B94
		.add_VBL	2B9A
		.add_LCD	2BA0
		.add_TIM	2BA6
		.add_SIO	2BAC
		.add_JOY	2BB2
		.remove_int	2BB8
		.add_int	2BD8
		.wait_vbl_done	2BF4
		_wait_vbl_done	2BF4
		_display_off	2C0B
		.display_off	2C0B
		.serial_IO	2C2C
		_mode	2C5B
		_get_mode	2C64
		_enable_interrupts	2C69
		_disable_interrupts	2C6B
		_reset	2C6D
		.reset	2C6D
		_set_interrupts	2C73
		_remove_VBL	2C7E
		_remove_LCD	2C89
		_remove_TIM	2C94
		_remove_SIO	2C9F
		_remove_JOY	2CAA
		_add_VBL	2CB5
		_add_LCD	2CC0
		_add_TIM	2CCB
		_add_SIO	2CD6
		_add_JOY	2CE1
		_clock	2CEC
		__printTStates	2CF5
		banked_call	2CF6
		banked_ret	2D0F
		__initrleblock	2D18
AREA _BASE
	RADIX HEX
	BASE 2D3F
	SIZE 020C
	ATTRIB REL CON
	GLOBALS
		_move_win	2D3F
		_initrand	2D48
		.initrand	2D4A
		.padup	2D53
		_waitpadup	2D53
		.jpad	2D63
		.wait_pad	2D90
		_joypad	2D97
		_waitpad	2D9C
		_set_win_data	2DA6
		_set_bkg_data	2DA6
		_set_sprite_data	2DF3
		_set_win_tiles	2E22
		.delay	2E36
		_delay	2E70
		.init_vram	2E79
		.init_wtt	2E87
		.init_btt	2E97
		.init_tt	2EA5
		.copy_vram	2EAB
		_get_data	2EBA
		_set_data	2EBA
		_set_bkg_tiles	2ECD
		.set_xy_wtt	2EE1
		.set_xy_btt	2EF2
		.set_xy_tt	2F01
		_set_tiles	2F32
AREA _LIT
	RADIX HEX
	BASE 2F4B
	SIZE 0000
	ATTRIB REL CON
AREA _GSINIT
	RADIX HEX
	BASE 2F4B
	SIZE 0093
	ATTRIB REL CON
	GLOBALS
		gsinit	2F4B
AREA _GSINITTAIL
	RADIX HEX
	BASE 2FDE
	SIZE 0001
	ATTRIB REL CON
AREA _GSFINAL
	RADIX HEX
	BASE 2FDF
	SIZE 0000
	ATTRIB REL CON
AREA _DATA
	RADIX HEX
	BASE C0A0
	SIZE 0250
	ATTRIB REL CON
	GLOBALS
		_currentBank	C0A0
		_overworldPosX	C0A1
		_overworldPosY	C0A2
		_cameraStatus	C0A3
		_eventsLocation	C0A4
		_savedPaletteBackground	C0A6
		_savedPaletteSprite0	C0A7
		_savedPaletteSprite1	C0A8
		_messageBuffer	C0A9
		_mainCharacterSkillMemory	C0E9
		_enemySkillMemory	C13D
		_mainCharacterMemory	C191
		_enemyLoot	C1BE
		_enemyMemory	C1D7
		_currentMap	C204
		_currentTileset	C206
		_currentMapBank	C208
		_currentTilesetBank	C209
		_temporaryFightPointer	C20A
		_fightResult	C20C
		_isRanged	C20D
		_characterStateMemory	C20E
		_encounterHeader	C250
		_enemies	C251
		_bitflag	C25D
		_itemCount	C27D
		_items	C280
		_money	C2DA
		_itemTableLocation	C2DC
		_selectedItem	C2DE
		_timerFrame	C2EE
		_characterIdleAnimation	C2EF
AREA _BSS
	RADIX HEX
	BASE C2F0
	SIZE 005E
	ATTRIB REL CON
	GLOBALS
		__cpu	C2F0
		.mode	C2F1
		__io_out	C2F2
		__io_in	C2F3
		__io_status	C2F4
		.vbl_done	C2F5
		__current_bank	C2F6
		_sys_time	C2F7
		.sys_time	C2F7
		.int_0x40	C2F9
		.int_0x48	C309
		.int_0x50	C319
		.int_0x58	C329
		.int_0x60	C339
		.randhi	C349
		.randlo	C34A
AREA _HEAP
	RADIX HEX
	BASE C34E
	SIZE 0000
	ATTRIB REL CON
	GLOBALS
		_malloc_heap_start	C34E
AREA _OVERLAY
	RADIX HEX
	BASE C34E
	SIZE 0000
	ATTRIB REL CON
AREA _ISEG
	RADIX HEX
	BASE C34E
	SIZE 0000
	ATTRIB REL CON
AREA _BSEG
	RADIX HEX
	BASE C34E
	SIZE 0000
	ATTRIB REL CON
AREA _XSEG
	RADIX HEX
	BASE C34E
	SIZE 0000
	ATTRIB REL CON
AREA _CODE_2
	RADIX HEX
	BASE 4000
	SIZE 18A9
	ATTRIB REL CON
	GLOBALS
		_logoData	4002
		_mainMenu	5682
		_intro	5838
		_draw_image_own	584B
AREA _CODE_3
	RADIX HEX
	BASE 4000
	SIZE 20DC
	ATTRIB REL CON
	GLOBALS
		_showCollisionMap	4000
		_showCharacter	40B9
		_worldViewLoop	4119
		_woodenFight	468D
		_arenaFight	479B
		_enemy_turtleData	48AB
		_enemy_ratData	4EAD
		_enemy_rhinoData	54AF
		_enemy_bullData	5AB1
		_firstEnemy	60B1
		_secondEnemy	60B6
		_thirdEnemy	60BD
		_fourthEnemy	60C5
		_fifthEnemy	60CD
		_sixthEnemy	60D5
AREA _CODE_4
	RADIX HEX
	BASE 4000
	SIZE 3DBC
	ATTRIB REL CON
	GLOBALS
		_runIdleAnimationTimer	4000
		_enemyNames	4028
		_playerNames	4032
		_statisticNames	403A
		_scoutDescriptions	4044
		_replaceFightStringInBuffer	404C
		_restoreArmor	405C
		_damage	4089
		_addStun	4135
		_addModifier	4191
		_getStatistic	431D
		_loadCharacterIdle	44DA
		_loadReaction	459B
		_loadSkillAnimation	46A5
		_tryStatistic	47EF
		_test	48E7
		_randomSkill	496E
		_pickRandomBit	4A32
		_setVanilla	4A97
		_testAttack	4B00
		_endCheer	4DB5
		_checkWinLoseCondition	502E
		_parseAttack	515B
		_selectCharacter	5941
		_checkCounsciousness	5AC1
		_scout	5EE5
		_usePotion	61AC
		_stunTurnMessage	6329
		_runAway	6367
		_fightViewLoop	67E7
AREA _CODE_5
	RADIX HEX
	BASE 4000
	SIZE 3485
	ATTRIB REL CON
	GLOBALS
		_chooseWeapon	4000
		_itemTable	4478
		_chooseWeaponTitle	4528
		_choosePotionTitle	4536
		_weaponRanged	4544
		_weaponMelee	454C
		_weaponDescription	4553
		_potionDescription	455E
		_bareHand	456B
		_noneItem	457B
		_choosePotion	458B
		_tileset_arenaData	4992
		_arenaMap	5992
		_arenaEvents	5C92
		_ratEnemyA	5E62
		_bullEnemy	5E71
		_ratEnemyB	5E80
		_rhinoEnemyA	5E8F
		_rhinoEnemyB	5E9E
		_turtleEnemy	5EAD
		_firstLootTable	5EBC
		_secondLootTable	5EC3
		_thirdLootTable	5ECA
		_FIRST_ARENA_FIGHT	5ED0
		_SECOND_ARENA_FIGHT	5EE5
		_THIRD_ARENA_FIGHT	5EF6
		_attackNameDescription	5F03
		_smokeBombNameDescription	5F0B
		_kickNameDescription	5F17
		_biteNameDescription	5F1D
		_chargeNameDescription	5F23
		_ratSkillSet	5F2B
		_bullSkillSet	5F40
		_rhinoSkillSet	5F55
		_turtleSkillSet	5F6A
		_ENTRY_A	5F7F
		_ENTRY_B	5F9E
		_NAME_A	5FC5
		_NAME_B	5FEF
		_APPLAUSE	6008
		_FIGHT_AMOUNT	6029
		_MONEY_AMOUNT	6058
		_FIRST_ENEMY	6080
		_FIRST_ENEMY_DESCRIPTION	609A
		_WON_FIRST_FIGHT_A	60C2
		_WON_FIRST_FIGHT_B	60E9
		_WON_SECOND_FIGHT_A	610D
		_WON_SECOND_FIGHT_B	6134
		_SECOND_ENEMY	6154
		_SECOND_ENEMY_DESCRIPTION	6176
		_THIRD_ENEMY	618C
		_THIRD_ENEMY_DESCRIPTION	61BF
		_ARKEITZ_CONFUSED	61D3
		_RYSZARD_CALM	61F5
		_ARKEITZ_ANGRY	6232
		_THIDEM_DEAL	624A
		_ARKEITZ_ANGRY2	626E
		_THIDEM_LETS	62A8
		_ARKEITZ2	62C5
		_ARKEITZ3	62F5
		_RYSZARD2	631C
		_RYSZARD3	632B
		_THIDEM2	634B
		_THIDEM3	6354
		_FIGHT_DEBUG	635D
		_ENDING	6366
		_ENDING_PRIZE	639F
		_ENDING_PRIZE_RYSZ	63BA
		_ENDING_TEAM_ROLL	63F8
		_ENDING_ANOUNCER_ROLL	642B
		_ENDING_ANOUNCER	6455
		_ENDING_OH	6474
		_tileset_fight_arenaData	6485
AREA _CODE_6
	RADIX HEX
	BASE 4000
	SIZE 18F2
	ATTRIB REL CON
	GLOBALS
		_fadeInBanked	4000
		_fadeOutBanked	41FA
		_moveSlowlyCameraBanked	4305
		_switchOutRyszard	4563
		_arkeitzSkills	4564
		_ryszardSkills	4580
		_thidemSkills	459C
		_chickenSkills	45B8
		_SqueekNameDescription	45D4
		_HugNameDescription	45F1
		_RyszardNameDescription	4610
		_FAttackNameDescription	4640
		_SingNameDescription	4664
		_LickNameDescription	467C
		_ChickenNameDescription	46A8
		_ControlNameDescription	46D8
		_FMindNameDescription	46E1
		_switchOutChicken	46EA
		_chickenHeal	46EB
		_ryszardData	46EE
		_thidemData	4CF0
		_arkeitzData	52F2
AREA _CODE_7
	RADIX HEX
	BASE 4000
	SIZE 1990
	ATTRIB REL CON
	GLOBALS
		_turnMessage	4000
		_rolledStart	400B
		_enemyTeam0	4033
		_enemyTeam1	403D
		_enemyTeam2	404D
		_enemyTeam3	405C
		_enemyTeam4	406A
		_playerTeam0	407C
		_playerTeam1	408C
		_playerTeam2	409B
		_playerTeam3	40B0
		_whoStarts	40C2
		_selectActionOption	40D8
		_attackOption	40E7
		_itemsOption	40EF
		_fightOption	40F9
		_runawayOption	4100
		_selectTarget	4109
		_vanilla	4121
		_stunFlavour	4133
		_statisticAdd	413E
		_roll	4146
		_soMissed	4159
		_soHit	4168
		_soStunned	4176
		_soFailed	4188
		_soBuffed	41A0
		_soReduced	41B4
		_lostHP	41CA
		_stunnedTurns	41E0
		_fainted	41FA
		_failed	4205
		_debuff	4218
		_buff	423A
		_greatly	425D
		_nullString	4268
		_strengthName	426A
		_dexterityName	4274
		_perceptionName	427F
		_charismaName	428B
		_vitalityName	4295
		_scoutMessage	429F
		_scoutDescription1	42AE
		_scoutDescription2	42C3
		_scoutDescription3	42DA
		_scoutDescription4	42EE
		_runAwayMessage	4303
		_tryNotToRunAway	430D
		_soRanAway	4329
		_soCouldntRun	4335
		_cantUsePotion	4348
		_usedPotion	435F
		_scoutAmount	437F
		_andMessage	438B
		_scoutBenefit	4390
		_skipTurn	43CD
		_end	43DC
		_findFlag	43FC
		_setCharacterToIdle	4447
		_playAnimation	4ACA
		_progressStunsAndModifiers	5737
		_setArrowAtCharacter	591A
MODULES
	FILE /opt/gbdk/lib/small/asxxxx/gb/crt0.o
		NAME Runtime
	FILE obj/main.o
		NAME lcc317980
	FILE obj/logo.o
	FILE obj/intro.o
		NAME lcc318090
	FILE obj/draw_image.o
	FILE obj/interruptHandlers.o
	FILE obj/worldView.o
		NAME lcc318170
	FILE obj/fightView.o
		NAME lcc318210
	FILE obj/fightMaps.o
		NAME lcc318410
	FILE obj/itemTable.o
		NAME lcc318250
	FILE obj/bankedBasicFunctions.o
		NAME lcc318050
	FILE obj/fightStrings.o
		NAME lcc318450
	FILE obj/fightAdditional.o
		NAME lcc318490
	FILE obj/mainCharacterData.o
		NAME lcc318290
	FILE obj/tileset_arena.o
	FILE obj/arenaMap.o
		NAME lcc318370
	FILE obj/ryszard.o
	FILE obj/thidem.o
	FILE obj/arkeitz.o
	FILE obj/tileset_fight_arena.o
	FILE obj/enemy_turtle.o
	FILE obj/enemy_rat.o
	FILE obj/enemy_rhino.o
	FILE obj/enemy_bull.o
	FILE obj/enemyBank3Names.o
		NAME lcc318670
LIBRARIES
	LIBRARY /opt/gbdk/lib/small/asxxxx/gbz80/gbz80.lib
		MODULE crt0_rle.o
	LIBRARY /opt/gbdk/lib/small/asxxxx/gb/gb.lib
		MODULE mv_win.o
	LIBRARY /opt/gbdk/lib/small/asxxxx/gb/gb.lib
		MODULE rand.o
	LIBRARY /opt/gbdk/lib/small/asxxxx/gbz80/gbz80.lib
		MODULE div.o
	LIBRARY /opt/gbdk/lib/small/asxxxx/gb/gb.lib
		MODULE pad.o
	LIBRARY /opt/gbdk/lib/small/asxxxx/gbz80/gbz80.lib
		MODULE shift.o
	LIBRARY /opt/gbdk/lib/small/asxxxx/gb/gb.lib
		MODULE set_data.o
	LIBRARY /opt/gbdk/lib/small/asxxxx/gbz80/gbz80.lib
		MODULE mul.o
	LIBRARY /opt/gbdk/lib/small/asxxxx/gb/gb.lib
		MODULE set_wi_t.o
	LIBRARY /opt/gbdk/lib/small/asxxxx/gb/gb.lib
		MODULE delay.o
	LIBRARY /opt/gbdk/lib/small/asxxxx/gb/gb.lib
		MODULE init_tt.o
	LIBRARY /opt/gbdk/lib/small/asxxxx/gb/gb.lib
		MODULE cpy_data.o
	LIBRARY /opt/gbdk/lib/small/asxxxx/gb/gb.lib
		MODULE set_bk_t.o
	LIBRARY /opt/gbdk/lib/small/asxxxx/gb/gb.lib
		MODULE set_xy_t.o
USERBASEDEF
	_CODE=0x0200
	_DATA=0xC0A0
	_CODE_1=0x4000
	_CODE_2=0x4000
	_CODE_3=0x4000
	_CODE_4=0x4000
	_CODE_5=0x4000
	_CODE_6=0x4000
	_CODE_7=0x4000
USERGLOBALDEF
	.OAM=0xC000
	.STACK=0xE000
	.refresh_OAM=0xFF80
	.init=0x0000
